
> frontend@0.1.0 start
> react-scripts start

node.exe : (node:32100) [DEP_WEBPACK_DEV_SERVER_ON_AFTER_SETUP_MIDDLEWARE] DeprecationWarning: 
'onAfterSetupMiddleware' option is deprecated. Please use the 'setupMiddlewares' option.
En C:\Program Files\nodejs\npm.ps1: 29 Carácter: 3
+   & $NODE_EXE $NPM_CLI_JS $args
+   ~~~~~~~~~~~~~~~~~~~~~~~~~~~~~
    + CategoryInfo          : NotSpecified: ((node:32100) [D...ewares' option.:String) [], RemoteException
    + FullyQualifiedErrorId : NativeCommandError
 
(Use `node --trace-deprecation ...` to show where the warning was created)
(node:32100) [DEP_WEBPACK_DEV_SERVER_ON_BEFORE_SETUP_MIDDLEWARE] DeprecationWarning: 
'onBeforeSetupMiddleware' option is deprecated. Please use the 'setupMiddlewares' option.
